#
# A fatal error has been detected by the Java Runtime Environment:
#
#  EXCEPTION_ACCESS_VIOLATION (0xc0000005) at pc=0x00007ffdd17d682c, pid=3980, tid=13044
#
# JRE version: OpenJDK Runtime Environment (20.0.2+9) (build 20.0.2+9-78)
# Java VM: OpenJDK 64-Bit Server VM (20.0.2+9-78, mixed mode, sharing, tiered, compressed oops, compressed class ptrs, g1 gc, windows-amd64)
# Problematic frame:
# C  [jdwp.dll+0x2682c]
#
# No core dump will be written. Minidumps are not enabled by default on client versions of Windows
#
# If you would like to submit a bug report, please visit:
#   https://bugreport.java.com/bugreport/crash.jsp
# The crash happened outside the Java Virtual Machine in native code.
# See problematic frame for where to report the bug.
#

---------------  S U M M A R Y ------------

Command Line: -Djava.library.path=C:\Users\mrxst\IdeaProjects\abobastandart\build/natives -agentlib:jdwp=transport=dt_socket,server=n,suspend=y,address=127.0.0.1:57235 -Dfile.encoding=windows-1251 -Duser.country=RU -Duser.language=ru -Duser.variant com.GameLauncher

Host: 13th Gen Intel(R) Core(TM) i9-13900HX, 32 cores, 31G,  Windows 11 , 64 bit Build 22621 (10.0.22621.3672)
Time: Thu Jun 20 03:49:09 2024  Windows 11 , 64 bit Build 22621 (10.0.22621.3672) elapsed time: 0.223773 seconds (0d 0h 0m 0s)

---------------  T H R E A D  ---------------

Current thread (0x000001c8ac9494a0):  JavaThread "main" [_thread_in_native, id=13044, stack(0x00000014edb00000,0x00000014edc00000)]

Stack: [0x00000014edb00000,0x00000014edc00000],  sp=0x00000014edbfb848,  free space=1006k
Native frames: (J=compiled Java code, j=interpreted, Vv=VM code, C=native code)
C  [jdwp.dll+0x2682c]

Java frames: (J=compiled Java code, j=interpreted, Vv=VM code)
j  org.lwjgl.system.jemalloc.JEmalloc.nje_malloc(J)J+0
j  org.lwjgl.system.jemalloc.JEmalloc.<clinit>()V+44
v  ~StubRoutines::call_stub 0x000001c8bbe1100d
j  org.lwjgl.system.jemalloc.JEmallocAllocator.<clinit>()V+0
v  ~StubRoutines::call_stub 0x000001c8bbe1100d
j  java.lang.Class.forName0(Ljava/lang/String;ZLjava/lang/ClassLoader;Ljava/lang/Class;)Ljava/lang/Class;+0 java.base@20.0.2
j  java.lang.Class.forName(Ljava/lang/String;Ljava/lang/Class;)Ljava/lang/Class;+19 java.base@20.0.2
j  java.lang.Class.forName(Ljava/lang/String;)Ljava/lang/Class;+6 java.base@20.0.2
j  org.lwjgl.system.MemoryManage.getInstance()Lorg/lwjgl/system/MemoryUtil$MemoryAllocator;+68
j  org.lwjgl.system.MemoryUtil$LazyInit.<clinit>()V+0
v  ~StubRoutines::call_stub 0x000001c8bbe1100d
j  org.lwjgl.system.MemoryUtil.getAllocator(Z)Lorg/lwjgl/system/MemoryUtil$MemoryAllocator;+10
j  org.lwjgl.system.MemoryUtil.getAllocator()Lorg/lwjgl/system/MemoryUtil$MemoryAllocator;+1
j  org.lwjgl.system.Callback.<clinit>()V+217
v  ~StubRoutines::call_stub 0x000001c8bbe1100d
j  com.badlogic.gdx.backends.lwjgl3.Lwjgl3Application.initializeGlfw()V+12
j  com.badlogic.gdx.backends.lwjgl3.Lwjgl3ApplicationConfiguration.getDisplayMode()Lcom/badlogic/gdx/Graphics$DisplayMode;+0
j  com.GameLauncher.main([Ljava/lang/String;)V+15
v  ~StubRoutines::call_stub 0x000001c8bbe1100d

siginfo: EXCEPTION_ACCESS_VIOLATION (0xc0000005), reading address 0xffffffffffffffff


Registers:
RAX=0x000001c918f4c9b0, RBX=0x000001c914922730, RCX=0x000001c8ac949780, RDX=0x000001c914922730
RSP=0x00000014edbfb848, RBP=0x0000000000000002, RSI=0x00000014edbfb8f0, RDI=0x000001c8ac949780
R8 =0x0000000000010002, R9 =0x0000000000000000, R10=0x00007ffdec100000, R11=0x00000014edbfb818
R12=0x0000000000000007, R13=0x000001c8aa69cdf0, R14=0x00007ffdd17e0300, R15=0x0000000000000000
RIP=0x00007ffdd17d682c, EFLAGS=0x0000000000010202


Register to memory mapping:

RIP=0x00007ffdd17d682c jdwp.dll
RAX=0x000001c918f4c9b0 points into unknown readable memory: 0x0000000000000000 | 00 00 00 00 00 00 00 00
RBX=0x000001c914922730 points into unknown readable memory: 0x0000000623809a80 | 80 9a 80 23 06 00 00 00
RCX=0x000001c8ac949780 points into unknown readable memory: 0x000001c918f4c9b0 | b0 c9 f4 18 c9 01 00 00
RDX=0x000001c914922730 points into unknown readable memory: 0x0000000623809a80 | 80 9a 80 23 06 00 00 00
RSP=0x00000014edbfb848 is pointing into the stack for thread: 0x000001c8ac9494a0
RBP=0x0000000000000002 is an unknown value
RSI=0x00000014edbfb8f0 is pointing into the stack for thread: 0x000001c8ac9494a0
RDI=0x000001c8ac949780 points into unknown readable memory: 0x000001c918f4c9b0 | b0 c9 f4 18 c9 01 00 00
R8 =0x0000000000010002 is an unknown value
R9 =0x0 is NULL
R10=0x00007ffdec100000 VCRUNTIME140.dll
R11=0x00000014edbfb818 is pointing into the stack for thread: 0x000001c8ac9494a0
R12=0x0000000000000007 is an unknown value
R13=0x000001c8aa69cdf0 points into unknown readable memory: 0x00007ffd7a00efe0 | e0 ef 00 7a fd 7f 00 00
R14=0x00007ffdd17e0300 jdwp.dll
R15=0x0 is NULL


Top of Stack: (sp=0x00000014edbfb848)
0x00000014edbfb848:   00007ffdd17c611f 000001c914922730
0x00000014edbfb858:   00000014edbfb8f0 0000000000000000
0x00000014edbfb868:   0000000000000000 00007ffd7a0030b0
0x00000014edbfb878:   00000000000032f4 000001c8aa676538
0x00000014edbfb888:   00007ffdd17e0348 000001c914922730
0x00000014edbfb898:   00007ffdd17c279f 000001c914922730
0x00000014edbfb8a8:   0000000000000002 000001c8ac949780
0x00000014edbfb8b8:   000001c914922738 00000014edbfba50
0x00000014edbfb8c8:   00007ffd79a5da2d 000001c8d481385c
0x00000014edbfb8d8:   00000014edbfba50 00000014edbfba50
0x00000014edbfb8e8:   00007ffd79b51aef 0000000000000007
0x00000014edbfb8f8:   000001c914922730 0000000000000000
0x00000014edbfb908:   000001c914922738 0000000000000000
0x00000014edbfb918:   0000000000000000 0000000000000000
0x00000014edbfb928:   0000000000000000 0000000000000000
0x00000014edbfb938:   0000000000000000 0000000000000000
0x00000014edbfb948:   000001c914922730 000001c8d48137b8
0x00000014edbfb958:   00007ffd79a394e5 000001c914922738
0x00000014edbfb968:   000001c91494d7e0 000001c8ac9494a0
0x00000014edbfb978:   00007ffd79a5ec55 000001c8aa6764f8
0x00000014edbfb988:   00007ffd79888f26 0000000000000000
0x00000014edbfb998:   000001c8ac9454e0 000001c8ac9494a0
0x00000014edbfb9a8:   000001c8d3e0fcc8 000001c8aa68d450
0x00000014edbfb9b8:   000001c8ac9499f0 000001c8ac949a00
0x00000014edbfb9c8:   000001c8ac949dd8 00000000000003d8
0x00000014edbfb9d8:   000001c8ac9494a0 000001c8ac9494a0
0x00000014edbfb9e8:   000001c8aa68d490 000001c918e574c0
0x00000014edbfb9f8:   000001c918e574d8 000001c918e5f4a8
0x00000014edbfba08:   00000000000080b0 00000014edbfba20
0x00000014edbfba18:   00000014edbfbb50 000001c8ac9494a0
0x00000014edbfba28:   000001c8aa68d490 000001c918e574c0
0x00000014edbfba38:   000001c918e574d8 000001c918e5f4a8 

Instructions: (pc=0x00007ffdd17d682c)
0x00007ffdd17d672c:   05 ff 09 01 00 48 8b 03 48 8b d7 4d 8b 40 30 48
0x00007ffdd17d673c:   8b cb 48 8b 5c 24 30 48 83 c4 20 5f 48 ff a0 00
0x00007ffdd17d674c:   01 00 00 cc 48 89 5c 24 08 57 48 83 ec 20 48 8b
0x00007ffdd17d675c:   f9 e8 f2 ea ff ff 4c 8b 05 c7 09 01 00 48 8b d8
0x00007ffdd17d676c:   41 f6 80 10 02 00 00 02 74 33 41 b8 1f 06 00 00
0x00007ffdd17d677c:   48 8d 15 e5 c3 00 00 48 8d 0d 7a 5c 00 00 e8 71
0x00007ffdd17d678c:   49 ff ff 48 8d 15 62 9a 00 00 48 8d 0d 7b 5c 00
0x00007ffdd17d679c:   00 e8 06 4a ff ff 4c 8b 05 87 09 01 00 48 8b 03
0x00007ffdd17d67ac:   48 8b d7 4d 8b 40 38 48 8b cb 48 8b 5c 24 30 48
0x00007ffdd17d67bc:   83 c4 20 5f 48 ff a0 00 01 00 00 cc 48 89 5c 24
0x00007ffdd17d67cc:   08 57 48 83 ec 20 48 8b f9 e8 7a ea ff ff 48 8b
0x00007ffdd17d67dc:   15 4f 09 01 00 48 8b d8 f6 82 10 02 00 00 02 74
0x00007ffdd17d67ec:   2c 41 b8 11 06 00 00 48 8d 15 6e c3 00 00 48 8d
0x00007ffdd17d67fc:   0d 03 5c 00 00 e8 fa 48 ff ff 48 8d 15 e3 6c 00
0x00007ffdd17d680c:   00 48 8d 0d 04 5c 00 00 e8 8f 49 ff ff 48 8b 03
0x00007ffdd17d681c:   48 8b d7 48 8b cb 48 8b 5c 24 30 48 83 c4 20 5f
0x00007ffdd17d682c:   48 ff a0 50 07 00 00 cc 48 89 5c 24 08 48 89 74
0x00007ffdd17d683c:   24 10 48 89 7c 24 18 41 56 48 83 ec 20 4c 63 f2
0x00007ffdd17d684c:   49 8b d8 48 8b d1 41 8b f9 48 8b cb 4d 8d 46 ff
0x00007ffdd17d685c:   ff 15 0e 5a 00 00 85 c0 75 3c 41 0f be 44 1e ff
0x00007ffdd17d686c:   3b c7 75 32 49 03 de eb 10 0f be c8 ff 15 e2 59
0x00007ffdd17d687c:   00 00 85 c0 74 09 48 ff c3 8a 03 84 c0 75 ea 80
0x00007ffdd17d688c:   3b 3b 74 12 8b d7 48 8b cb e8 78 4a 00 00 48 85
0x00007ffdd17d689c:   c0 0f 94 c0 eb 02 32 c0 48 8b 5c 24 30 48 8b 74
0x00007ffdd17d68ac:   24 38 48 8b 7c 24 40 48 83 c4 20 41 5e c3 cc cc
0x00007ffdd17d68bc:   0f b6 d1 83 fa 1e 0f 87 83 00 00 00 74 7b 83 fa
0x00007ffdd17d68cc:   07 77 41 74 39 83 ea 01 74 2e 83 ea 01 74 23 83
0x00007ffdd17d68dc:   ea 01 74 18 83 ea 01 74 0d 83 fa 02 0f 85 8a 00
0x00007ffdd17d68ec:   00 00 8d 42 03 c3 b8 04 00 00 00 c3 b8 03 00 00
0x00007ffdd17d68fc:   00 c3 b8 02 00 00 00 c3 b8 01 00 00 00 c3 b8 06
0x00007ffdd17d690c:   00 00 00 c3 b8 08 00 00 00 2b d0 74 26 83 ea 01
0x00007ffdd17d691c:   0f 84 88 00 00 00 83 ea 01 74 12 b8 0a 00 00 00 


Stack slot to memory mapping:
stack at sp + 0 slots: 0x00007ffdd17c611f jdwp.dll
stack at sp + 1 slots: 0x000001c914922730 points into unknown readable memory: 0x0000000623809a80 | 80 9a 80 23 06 00 00 00
stack at sp + 2 slots: 0x00000014edbfb8f0 is pointing into the stack for thread: 0x000001c8ac9494a0
stack at sp + 3 slots: 0x0 is NULL
stack at sp + 4 slots: 0x0 is NULL
stack at sp + 5 slots: 0x00007ffd7a0030b0 jvm.dll
stack at sp + 6 slots: 0x00000000000032f4 is an unknown value
stack at sp + 7 slots: 0x000001c8aa676538 points into unknown readable memory: 0x8000000400000001 | 01 00 00 00 04 00 00 80


---------------  P R O C E S S  ---------------

Threads class SMR info:
_java_thread_list=0x000001c914afcd50, length=19, elements={
0x000001c8ac9494a0, 0x000001c8cff05fb0, 0x000001c8cff06db0, 0x000001c8cff08bc0,
0x000001c8cff0ad40, 0x000001c8cff0b390, 0x000001c8cff0dce0, 0x000001c8cff0ecb0,
0x000001c8cff0f630, 0x000001c914900c00, 0x000001c8cff2dc00, 0x000001c8cff2e590,
0x000001c914ae0ef0, 0x000001c914aedda0, 0x000001c914b041c0, 0x000001c914b04720,
0x000001c914b14d40, 0x000001c914b23180, 0x000001c914b69650
}

Java Threads: ( => current thread )
=>0x000001c8ac9494a0 JavaThread "main" [_thread_in_native, id=13044, stack(0x00000014edb00000,0x00000014edc00000)]
  0x000001c8cff05fb0 JavaThread "Reference Handler" daemon [_thread_blocked, id=24664, stack(0x00000014ee200000,0x00000014ee300000)]
  0x000001c8cff06db0 JavaThread "Finalizer" daemon [_thread_blocked, id=7292, stack(0x00000014ee300000,0x00000014ee400000)]
  0x000001c8cff08bc0 JavaThread "Signal Dispatcher" daemon [_thread_blocked, id=21812, stack(0x00000014ee400000,0x00000014ee500000)]
  0x000001c8cff0ad40 JavaThread "Attach Listener" daemon [_thread_blocked, id=18784, stack(0x00000014ee500000,0x00000014ee600000)]
  0x000001c8cff0b390 JavaThread "Service Thread" daemon [_thread_blocked, id=4524, stack(0x00000014ee600000,0x00000014ee700000)]
  0x000001c8cff0dce0 JavaThread "Monitor Deflation Thread" daemon [_thread_blocked, id=20224, stack(0x00000014ee700000,0x00000014ee800000)]
  0x000001c8cff0ecb0 JavaThread "C2 CompilerThread0" daemon [_thread_blocked, id=17180, stack(0x00000014ee800000,0x00000014ee900000)]
  0x000001c8cff0f630 JavaThread "C1 CompilerThread0" daemon [_thread_blocked, id=22892, stack(0x00000014ee900000,0x00000014eea00000)]
  0x000001c914900c00 JavaThread "C1 CompilerThread1" daemon [_thread_blocked, id=26484, stack(0x00000014eea00000,0x00000014eeb00000)]
  0x000001c8cff2dc00 JavaThread "C1 CompilerThread2" daemon [_thread_blocked, id=3884, stack(0x00000014eeb00000,0x00000014eec00000)]
  0x000001c8cff2e590 JavaThread "C1 CompilerThread3" daemon [_thread_blocked, id=13424, stack(0x00000014eec00000,0x00000014eed00000)]
  0x000001c914ae0ef0 JavaThread "C1 CompilerThread4" daemon [_thread_blocked, id=18540, stack(0x00000014eed00000,0x00000014eee00000)]
  0x000001c914aedda0 JavaThread "JDWP Transport Listener: dt_socket" daemon [_thread_blocked, id=25740, stack(0x00000014eee00000,0x00000014eef00000)]
  0x000001c914b041c0 JavaThread "JDWP Event Helper Thread" daemon [_thread_blocked, id=1244, stack(0x00000014eef00000,0x00000014ef000000)]
  0x000001c914b04720 JavaThread "JDWP Command Reader" daemon [_thread_in_native, id=15016, stack(0x00000014ef000000,0x00000014ef100000)]
  0x000001c914b14d40 JavaThread "Notification Thread" daemon [_thread_blocked, id=15428, stack(0x00000014ef100000,0x00000014ef200000)]
  0x000001c914b23180 JavaThread "Common-Cleaner" daemon [_thread_blocked, id=15856, stack(0x00000014ef300000,0x00000014ef400000)]
  0x000001c914b69650 JavaThread "C2 CompilerThread1" daemon [_thread_blocked, id=9304, stack(0x00000014ef400000,0x00000014ef500000)]

Other Threads:
  0x000001c8ac96d630 VMThread "VM Thread" [stack: 0x00000014ee100000,0x00000014ee200000] [id=15948]
  0x000001c914b176b0 WatcherThread "VM Periodic Task Thread" [stack: 0x00000014ef200000,0x00000014ef300000] [id=1712]
  0x000001c8ac96e170 WorkerThread "GC Thread#0" [stack: 0x00000014edc00000,0x00000014edd00000] [id=18360]
  0x000001c8ac9fea50 ConcurrentGCThread "G1 Main Marker" [stack: 0x00000014edd00000,0x00000014ede00000] [id=24668]
  0x000001c8ac96d360 WorkerThread "G1 Conc#0" [stack: 0x00000014ede00000,0x00000014edf00000] [id=6400]
  0x000001c8cfe27950 ConcurrentGCThread "G1 Refine#0" [stack: 0x00000014edf00000,0x00000014ee000000] [id=24184]
  0x000001c8cfe283f0 ConcurrentGCThread "G1 Service" [stack: 0x00000014ee000000,0x00000014ee100000] [id=5408]

Threads with active compile tasks:

VM state: not at safepoint (normal execution)

VM Mutex/Monitor currently owned by a thread: None

Heap address: 0x0000000604000000, size: 8128 MB, Compressed Oops mode: Zero based, Oop shift amount: 3

CDS archive(s) mapped at: [0x000001c8d3800000-0x000001c8d4460000-0x000001c8d4460000), size 12976128, SharedBaseAddress: 0x000001c8d3800000, ArchiveRelocationMode: 1.
Compressed class space mapped at: 0x000001c8d4800000-0x000001c914800000, reserved size: 1073741824
Narrow klass base: 0x000001c8d3800000, Narrow klass shift: 0, Narrow klass range: 0x100000000

GC Precious Log:
 CardTable entry size: 512
 Card Set container configuration: InlinePtr #cards 4 size 8 Array Of Cards #cards 32 size 80 Howl #buckets 8 coarsen threshold 7372 Howl Bitmap #cards 1024 size 144 coarsen threshold 921 Card regions per heap region 1 cards per card region 8192
 CPUs: 32 total, 32 available
 Memory: 32505M
 Large Page Support: Disabled
 NUMA Support: Disabled
 Compressed Oops: Enabled (Zero based)
 Heap Region Size: 4M
 Heap Min Capacity: 8M
 Heap Initial Capacity: 508M
 Heap Max Capacity: 8128M
 Pre-touch: Disabled
 Parallel Workers: 23
 Concurrent Workers: 6
 Concurrent Refinement Workers: 23
 Periodic GC: Disabled

Heap:
 garbage-first heap   total 520192K, used 8192K [0x0000000604000000, 0x0000000800000000)
  region size 4096K, 3 young (12288K), 0 survivors (0K)
 Metaspace       used 1963K, committed 2176K, reserved 1114112K
  class space    used 158K, committed 256K, reserved 1048576K

Heap Regions: E=young(eden), S=young(survivor), O=old, HS=humongous(starts), HC=humongous(continues), CS=collection set, F=free, OA=open archive, CA=closed archive, TAMS=top-at-mark-start, PB=parsable bottom
|   0|0x0000000604000000, 0x0000000604000000, 0x0000000604400000|  0%| F|  |TAMS 0x0000000604000000| PB 0x0000000604000000| Untracked 
|   1|0x0000000604400000, 0x0000000604400000, 0x0000000604800000|  0%| F|  |TAMS 0x0000000604400000| PB 0x0000000604400000| Untracked 
|   2|0x0000000604800000, 0x0000000604800000, 0x0000000604c00000|  0%| F|  |TAMS 0x0000000604800000| PB 0x0000000604800000| Untracked 
|   3|0x0000000604c00000, 0x0000000604c00000, 0x0000000605000000|  0%| F|  |TAMS 0x0000000604c00000| PB 0x0000000604c00000| Untracked 
|   4|0x0000000605000000, 0x0000000605000000, 0x0000000605400000|  0%| F|  |TAMS 0x0000000605000000| PB 0x0000000605000000| Untracked 
|   5|0x0000000605400000, 0x0000000605400000, 0x0000000605800000|  0%| F|  |TAMS 0x0000000605400000| PB 0x0000000605400000| Untracked 
|   6|0x0000000605800000, 0x0000000605800000, 0x0000000605c00000|  0%| F|  |TAMS 0x0000000605800000| PB 0x0000000605800000| Untracked 
|   7|0x0000000605c00000, 0x0000000605c00000, 0x0000000606000000|  0%| F|  |TAMS 0x0000000605c00000| PB 0x0000000605c00000| Untracked 
|   8|0x0000000606000000, 0x0000000606000000, 0x0000000606400000|  0%| F|  |TAMS 0x0000000606000000| PB 0x0000000606000000| Untracked 
|   9|0x0000000606400000, 0x0000000606400000, 0x0000000606800000|  0%| F|  |TAMS 0x0000000606400000| PB 0x0000000606400000| Untracked 
|  10|0x0000000606800000, 0x0000000606800000, 0x0000000606c00000|  0%| F|  |TAMS 0x0000000606800000| PB 0x0000000606800000| Untracked 
|  11|0x0000000606c00000, 0x0000000606c00000, 0x0000000607000000|  0%| F|  |TAMS 0x0000000606c00000| PB 0x0000000606c00000| Untracked 
|  12|0x0000000607000000, 0x0000000607000000, 0x0000000607400000|  0%| F|  |TAMS 0x0000000607000000| PB 0x0000000607000000| Untracked 
|  13|0x0000000607400000, 0x0000000607400000, 0x0000000607800000|  0%| F|  |TAMS 0x0000000607400000| PB 0x0000000607400000| Untracked 
|  14|0x0000000607800000, 0x0000000607800000, 0x0000000607c00000|  0%| F|  |TAMS 0x0000000607800000| PB 0x0000000607800000| Untracked 
|  15|0x0000000607c00000, 0x0000000607c00000, 0x0000000608000000|  0%| F|  |TAMS 0x0000000607c00000| PB 0x0000000607c00000| Untracked 
|  16|0x0000000608000000, 0x0000000608000000, 0x0000000608400000|  0%| F|  |TAMS 0x0000000608000000| PB 0x0000000608000000| Untracked 
|  17|0x0000000608400000, 0x0000000608400000, 0x0000000608800000|  0%| F|  |TAMS 0x0000000608400000| PB 0x0000000608400000| Untracked 
|  18|0x0000000608800000, 0x0000000608800000, 0x0000000608c00000|  0%| F|  |TAMS 0x0000000608800000| PB 0x0000000608800000| Untracked 
|  19|0x0000000608c00000, 0x0000000608c00000, 0x0000000609000000|  0%| F|  |TAMS 0x0000000608c00000| PB 0x0000000608c00000| Untracked 
|  20|0x0000000609000000, 0x0000000609000000, 0x0000000609400000|  0%| F|  |TAMS 0x0000000609000000| PB 0x0000000609000000| Untracked 
|  21|0x0000000609400000, 0x0000000609400000, 0x0000000609800000|  0%| F|  |TAMS 0x0000000609400000| PB 0x0000000609400000| Untracked 
|  22|0x0000000609800000, 0x0000000609800000, 0x0000000609c00000|  0%| F|  |TAMS 0x0000000609800000| PB 0x0000000609800000| Untracked 
|  23|0x0000000609c00000, 0x0000000609c00000, 0x000000060a000000|  0%| F|  |TAMS 0x0000000609c00000| PB 0x0000000609c00000| Untracked 
|  24|0x000000060a000000, 0x000000060a000000, 0x000000060a400000|  0%| F|  |TAMS 0x000000060a000000| PB 0x000000060a000000| Untracked 
|  25|0x000000060a400000, 0x000000060a400000, 0x000000060a800000|  0%| F|  |TAMS 0x000000060a400000| PB 0x000000060a400000| Untracked 
|  26|0x000000060a800000, 0x000000060a800000, 0x000000060ac00000|  0%| F|  |TAMS 0x000000060a800000| PB 0x000000060a800000| Untracked 
|  27|0x000000060ac00000, 0x000000060ac00000, 0x000000060b000000|  0%| F|  |TAMS 0x000000060ac00000| PB 0x000000060ac00000| Untracked 
|  28|0x000000060b000000, 0x000000060b000000, 0x000000060b400000|  0%| F|  |TAMS 0x000000060b000000| PB 0x000000060b000000| Untracked 
|  29|0x000000060b400000, 0x000000060b400000, 0x000000060b800000|  0%| F|  |TAMS 0x000000060b400000| PB 0x000000060b400000| Untracked 
|  30|0x000000060b800000, 0x000000060b800000, 0x000000060bc00000|  0%| F|  |TAMS 0x000000060b800000| PB 0x000000060b800000| Untracked 
|  31|0x000000060bc00000, 0x000000060bc00000, 0x000000060c000000|  0%| F|  |TAMS 0x000000060bc00000| PB 0x000000060bc00000| Untracked 
|  32|0x000000060c000000, 0x000000060c000000, 0x000000060c400000|  0%| F|  |TAMS 0x000000060c000000| PB 0x000000060c000000| Untracked 
|  33|0x000000060c400000, 0x000000060c400000, 0x000000060c800000|  0%| F|  |TAMS 0x000000060c400000| PB 0x000000060c400000| Untracked 
|  34|0x000000060c800000, 0x000000060c800000, 0x000000060cc00000|  0%| F|  |TAMS 0x000000060c800000| PB 0x000000060c800000| Untracked 
|  35|0x000000060cc00000, 0x000000060cc00000, 0x000000060d000000|  0%| F|  |TAMS 0x000000060cc00000| PB 0x000000060cc00000| Untracked 
|  36|0x000000060d000000, 0x000000060d000000, 0x000000060d400000|  0%| F|  |TAMS 0x000000060d000000| PB 0x000000060d000000| Untracked 
|  37|0x000000060d400000, 0x000000060d400000, 0x000000060d800000|  0%| F|  |TAMS 0x000000060d400000| PB 0x000000060d400000| Untracked 
|  38|0x000000060d800000, 0x000000060d800000, 0x000000060dc00000|  0%| F|  |TAMS 0x000000060d800000| PB 0x000000060d800000| Untracked 
|  39|0x000000060dc00000, 0x000000060dc00000, 0x000000060e000000|  0%| F|  |TAMS 0x000000060dc00000| PB 0x000000060dc00000| Untracked 
|  40|0x000000060e000000, 0x000000060e000000, 0x000000060e400000|  0%| F|  |TAMS 0x000000060e000000| PB 0x000000060e000000| Untracked 
|  41|0x000000060e400000, 0x000000060e400000, 0x000000060e800000|  0%| F|  |TAMS 0x000000060e400000| PB 0x000000060e400000| Untracked 
|  42|0x000000060e800000, 0x000000060e800000, 0x000000060ec00000|  0%| F|  |TAMS 0x000000060e800000| PB 0x000000060e800000| Untracked 
|  43|0x000000060ec00000, 0x000000060ec00000, 0x000000060f000000|  0%| F|  |TAMS 0x000000060ec00000| PB 0x000000060ec00000| Untracked 
|  44|0x000000060f000000, 0x000000060f000000, 0x000000060f400000|  0%| F|  |TAMS 0x000000060f000000| PB 0x000000060f000000| Untracked 
|  45|0x000000060f400000, 0x000000060f400000, 0x000000060f800000|  0%| F|  |TAMS 0x000000060f400000| PB 0x000000060f400000| Untracked 
|  46|0x000000060f800000, 0x000000060f800000, 0x000000060fc00000|  0%| F|  |TAMS 0x000000060f800000| PB 0x000000060f800000| Untracked 
|  47|0x000000060fc00000, 0x000000060fc00000, 0x0000000610000000|  0%| F|  |TAMS 0x000000060fc00000| PB 0x000000060fc00000| Untracked 
|  48|0x0000000610000000, 0x0000000610000000, 0x0000000610400000|  0%| F|  |TAMS 0x0000000610000000| PB 0x0000000610000000| Untracked 
|  49|0x0000000610400000, 0x0000000610400000, 0x0000000610800000|  0%| F|  |TAMS 0x0000000610400000| PB 0x0000000610400000| Untracked 
|  50|0x0000000610800000, 0x0000000610800000, 0x0000000610c00000|  0%| F|  |TAMS 0x0000000610800000| PB 0x0000000610800000| Untracked 
|  51|0x0000000610c00000, 0x0000000610c00000, 0x0000000611000000|  0%| F|  |TAMS 0x0000000610c00000| PB 0x0000000610c00000| Untracked 
|  52|0x0000000611000000, 0x0000000611000000, 0x0000000611400000|  0%| F|  |TAMS 0x0000000611000000| PB 0x0000000611000000| Untracked 
|  53|0x0000000611400000, 0x0000000611400000, 0x0000000611800000|  0%| F|  |TAMS 0x0000000611400000| PB 0x0000000611400000| Untracked 
|  54|0x0000000611800000, 0x0000000611800000, 0x0000000611c00000|  0%| F|  |TAMS 0x0000000611800000| PB 0x0000000611800000| Untracked 
|  55|0x0000000611c00000, 0x0000000611c00000, 0x0000000612000000|  0%| F|  |TAMS 0x0000000611c00000| PB 0x0000000611c00000| Untracked 
|  56|0x0000000612000000, 0x0000000612000000, 0x0000000612400000|  0%| F|  |TAMS 0x0000000612000000| PB 0x0000000612000000| Untracked 
|  57|0x0000000612400000, 0x0000000612400000, 0x0000000612800000|  0%| F|  |TAMS 0x0000000612400000| PB 0x0000000612400000| Untracked 
|  58|0x0000000612800000, 0x0000000612800000, 0x0000000612c00000|  0%| F|  |TAMS 0x0000000612800000| PB 0x0000000612800000| Untracked 
|  59|0x0000000612c00000, 0x0000000612c00000, 0x0000000613000000|  0%| F|  |TAMS 0x0000000612c00000| PB 0x0000000612c00000| Untracked 
|  60|0x0000000613000000, 0x0000000613000000, 0x0000000613400000|  0%| F|  |TAMS 0x0000000613000000| PB 0x0000000613000000| Untracked 
|  61|0x0000000613400000, 0x0000000613400000, 0x0000000613800000|  0%| F|  |TAMS 0x0000000613400000| PB 0x0000000613400000| Untracked 
|  62|0x0000000613800000, 0x0000000613800000, 0x0000000613c00000|  0%| F|  |TAMS 0x0000000613800000| PB 0x0000000613800000| Untracked 
|  63|0x0000000613c00000, 0x0000000613c00000, 0x0000000614000000|  0%| F|  |TAMS 0x0000000613c00000| PB 0x0000000613c00000| Untracked 
|  64|0x0000000614000000, 0x0000000614000000, 0x0000000614400000|  0%| F|  |TAMS 0x0000000614000000| PB 0x0000000614000000| Untracked 
|  65|0x0000000614400000, 0x0000000614400000, 0x0000000614800000|  0%| F|  |TAMS 0x0000000614400000| PB 0x0000000614400000| Untracked 
|  66|0x0000000614800000, 0x0000000614800000, 0x0000000614c00000|  0%| F|  |TAMS 0x0000000614800000| PB 0x0000000614800000| Untracked 
|  67|0x0000000614c00000, 0x0000000614c00000, 0x0000000615000000|  0%| F|  |TAMS 0x0000000614c00000| PB 0x0000000614c00000| Untracked 
|  68|0x0000000615000000, 0x0000000615000000, 0x0000000615400000|  0%| F|  |TAMS 0x0000000615000000| PB 0x0000000615000000| Untracked 
|  69|0x0000000615400000, 0x0000000615400000, 0x0000000615800000|  0%| F|  |TAMS 0x0000000615400000| PB 0x0000000615400000| Untracked 
|  70|0x0000000615800000, 0x0000000615800000, 0x0000000615c00000|  0%| F|  |TAMS 0x0000000615800000| PB 0x0000000615800000| Untracked 
|  71|0x0000000615c00000, 0x0000000615c00000, 0x0000000616000000|  0%| F|  |TAMS 0x0000000615c00000| PB 0x0000000615c00000| Untracked 
|  72|0x0000000616000000, 0x0000000616000000, 0x0000000616400000|  0%| F|  |TAMS 0x0000000616000000| PB 0x0000000616000000| Untracked 
|  73|0x0000000616400000, 0x0000000616400000, 0x0000000616800000|  0%| F|  |TAMS 0x0000000616400000| PB 0x0000000616400000| Untracked 
|  74|0x0000000616800000, 0x0000000616800000, 0x0000000616c00000|  0%| F|  |TAMS 0x0000000616800000| PB 0x0000000616800000| Untracked 
|  75|0x0000000616c00000, 0x0000000616c00000, 0x0000000617000000|  0%| F|  |TAMS 0x0000000616c00000| PB 0x0000000616c00000| Untracked 
|  76|0x0000000617000000, 0x0000000617000000, 0x0000000617400000|  0%| F|  |TAMS 0x0000000617000000| PB 0x0000000617000000| Untracked 
|  77|0x0000000617400000, 0x0000000617400000, 0x0000000617800000|  0%| F|  |TAMS 0x0000000617400000| PB 0x0000000617400000| Untracked 
|  78|0x0000000617800000, 0x0000000617800000, 0x0000000617c00000|  0%| F|  |TAMS 0x0000000617800000| PB 0x0000000617800000| Untracked 
|  79|0x0000000617c00000, 0x0000000617c00000, 0x0000000618000000|  0%| F|  |TAMS 0x0000000617c00000| PB 0x0000000617c00000| Untracked 
|  80|0x0000000618000000, 0x0000000618000000, 0x0000000618400000|  0%| F|  |TAMS 0x0000000618000000| PB 0x0000000618000000| Untracked 
|  81|0x0000000618400000, 0x0000000618400000, 0x0000000618800000|  0%| F|  |TAMS 0x0000000618400000| PB 0x0000000618400000| Untracked 
|  82|0x0000000618800000, 0x0000000618800000, 0x0000000618c00000|  0%| F|  |TAMS 0x0000000618800000| PB 0x0000000618800000| Untracked 
|  83|0x0000000618c00000, 0x0000000618c00000, 0x0000000619000000|  0%| F|  |TAMS 0x0000000618c00000| PB 0x0000000618c00000| Untracked 
|  84|0x0000000619000000, 0x0000000619000000, 0x0000000619400000|  0%| F|  |TAMS 0x0000000619000000| PB 0x0000000619000000| Untracked 
|  85|0x0000000619400000, 0x0000000619400000, 0x0000000619800000|  0%| F|  |TAMS 0x0000000619400000| PB 0x0000000619400000| Untracked 
|  86|0x0000000619800000, 0x0000000619800000, 0x0000000619c00000|  0%| F|  |TAMS 0x0000000619800000| PB 0x0000000619800000| Untracked 
|  87|0x0000000619c00000, 0x0000000619c00000, 0x000000061a000000|  0%| F|  |TAMS 0x0000000619c00000| PB 0x0000000619c00000| Untracked 
|  88|0x000000061a000000, 0x000000061a000000, 0x000000061a400000|  0%| F|  |TAMS 0x000000061a000000| PB 0x000000061a000000| Untracked 
|  89|0x000000061a400000, 0x000000061a400000, 0x000000061a800000|  0%| F|  |TAMS 0x000000061a400000| PB 0x000000061a400000| Untracked 
|  90|0x000000061a800000, 0x000000061a800000, 0x000000061ac00000|  0%| F|  |TAMS 0x000000061a800000| PB 0x000000061a800000| Untracked 
|  91|0x000000061ac00000, 0x000000061ac00000, 0x000000061b000000|  0%| F|  |TAMS 0x000000061ac00000| PB 0x000000061ac00000| Untracked 
|  92|0x000000061b000000, 0x000000061b000000, 0x000000061b400000|  0%| F|  |TAMS 0x000000061b000000| PB 0x000000061b000000| Untracked 
|  93|0x000000061b400000, 0x000000061b400000, 0x000000061b800000|  0%| F|  |TAMS 0x000000061b400000| PB 0x000000061b400000| Untracked 
|  94|0x000000061b800000, 0x000000061b800000, 0x000000061bc00000|  0%| F|  |TAMS 0x000000061b800000| PB 0x000000061b800000| Untracked 
|  95|0x000000061bc00000, 0x000000061bc00000, 0x000000061c000000|  0%| F|  |TAMS 0x000000061bc00000| PB 0x000000061bc00000| Untracked 
|  96|0x000000061c000000, 0x000000061c000000, 0x000000061c400000|  0%| F|  |TAMS 0x000000061c000000| PB 0x000000061c000000| Untracked 
|  97|0x000000061c400000, 0x000000061c400000, 0x000000061c800000|  0%| F|  |TAMS 0x000000061c400000| PB 0x000000061c400000| Untracked 
|  98|0x000000061c800000, 0x000000061c800000, 0x000000061cc00000|  0%| F|  |TAMS 0x000000061c800000| PB 0x000000061c800000| Untracked 
|  99|0x000000061cc00000, 0x000000061cc00000, 0x000000061d000000|  0%| F|  |TAMS 0x000000061cc00000| PB 0x000000061cc00000| Untracked 
| 100|0x000000061d000000, 0x000000061d000000, 0x000000061d400000|  0%| F|  |TAMS 0x000000061d000000| PB 0x000000061d000000| Untracked 
| 101|0x000000061d400000, 0x000000061d400000, 0x000000061d800000|  0%| F|  |TAMS 0x000000061d400000| PB 0x000000061d400000| Untracked 
| 102|0x000000061d800000, 0x000000061d800000, 0x000000061dc00000|  0%| F|  |TAMS 0x000000061d800000| PB 0x000000061d800000| Untracked 
| 103|0x000000061dc00000, 0x000000061dc00000, 0x000000061e000000|  0%| F|  |TAMS 0x000000061dc00000| PB 0x000000061dc00000| Untracked 
| 104|0x000000061e000000, 0x000000061e000000, 0x000000061e400000|  0%| F|  |TAMS 0x000000061e000000| PB 0x000000061e000000| Untracked 
| 105|0x000000061e400000, 0x000000061e400000, 0x000000061e800000|  0%| F|  |TAMS 0x000000061e400000| PB 0x000000061e400000| Untracked 
| 106|0x000000061e800000, 0x000000061e800000, 0x000000061ec00000|  0%| F|  |TAMS 0x000000061e800000| PB 0x000000061e800000| Untracked 
| 107|0x000000061ec00000, 0x000000061ec00000, 0x000000061f000000|  0%| F|  |TAMS 0x000000061ec00000| PB 0x000000061ec00000| Untracked 
| 108|0x000000061f000000, 0x000000061f000000, 0x000000061f400000|  0%| F|  |TAMS 0x000000061f000000| PB 0x000000061f000000| Untracked 
| 109|0x000000061f400000, 0x000000061f400000, 0x000000061f800000|  0%| F|  |TAMS 0x000000061f400000| PB 0x000000061f400000| Untracked 
| 110|0x000000061f800000, 0x000000061f800000, 0x000000061fc00000|  0%| F|  |TAMS 0x000000061f800000| PB 0x000000061f800000| Untracked 
| 111|0x000000061fc00000, 0x000000061fc00000, 0x0000000620000000|  0%| F|  |TAMS 0x000000061fc00000| PB 0x000000061fc00000| Untracked 
| 112|0x0000000620000000, 0x0000000620000000, 0x0000000620400000|  0%| F|  |TAMS 0x0000000620000000| PB 0x0000000620000000| Untracked 
| 113|0x0000000620400000, 0x0000000620400000, 0x0000000620800000|  0%| F|  |TAMS 0x0000000620400000| PB 0x0000000620400000| Untracked 
| 114|0x0000000620800000, 0x0000000620800000, 0x0000000620c00000|  0%| F|  |TAMS 0x0000000620800000| PB 0x0000000620800000| Untracked 
| 115|0x0000000620c00000, 0x0000000620c00000, 0x0000000621000000|  0%| F|  |TAMS 0x0000000620c00000| PB 0x0000000620c00000| Untracked 
| 116|0x0000000621000000, 0x0000000621000000, 0x0000000621400000|  0%| F|  |TAMS 0x0000000621000000| PB 0x0000000621000000| Untracked 
| 117|0x0000000621400000, 0x0000000621400000, 0x0000000621800000|  0%| F|  |TAMS 0x0000000621400000| PB 0x0000000621400000| Untracked 
| 118|0x0000000621800000, 0x0000000621800000, 0x0000000621c00000|  0%| F|  |TAMS 0x0000000621800000| PB 0x0000000621800000| Untracked 
| 119|0x0000000621c00000, 0x0000000621c00000, 0x0000000622000000|  0%| F|  |TAMS 0x0000000621c00000| PB 0x0000000621c00000| Untracked 
| 120|0x0000000622000000, 0x0000000622000000, 0x0000000622400000|  0%| F|  |TAMS 0x0000000622000000| PB 0x0000000622000000| Untracked 
| 121|0x0000000622400000, 0x0000000622400000, 0x0000000622800000|  0%| F|  |TAMS 0x0000000622400000| PB 0x0000000622400000| Untracked 
| 122|0x0000000622800000, 0x0000000622800000, 0x0000000622c00000|  0%| F|  |TAMS 0x0000000622800000| PB 0x0000000622800000| Untracked 
| 123|0x0000000622c00000, 0x0000000622c00000, 0x0000000623000000|  0%| F|  |TAMS 0x0000000622c00000| PB 0x0000000622c00000| Untracked 
| 124|0x0000000623000000, 0x00000006230f8478, 0x0000000623400000| 24%| E|  |TAMS 0x0000000623000000| PB 0x0000000623000000| Complete 
| 125|0x0000000623400000, 0x0000000623800000, 0x0000000623800000|100%| E|CS|TAMS 0x0000000623400000| PB 0x0000000623400000| Complete 
| 126|0x0000000623800000, 0x0000000623c00000, 0x0000000623c00000|100%| E|CS|TAMS 0x0000000623800000| PB 0x0000000623800000| Complete 

Card table byte_map: [0x000001c8c5d20000,0x000001c8c6d00000] _byte_map_base: 0x000001c8c2d00000

Marking Bits: (CMBitMap*) 0x000001c8ac9fdf40
 Bits: [0x000001c8c7ce0000, 0x000001c8cfbe0000)

Polling page: 0x000001c8aa630000

Metaspace:

Usage:
  Non-class:      1.76 MB used.
      Class:    158.38 KB used.
       Both:      1.92 MB used.

Virtual space:
  Non-class space:       64.00 MB reserved,       1.88 MB (  3%) committed,  1 nodes.
      Class space:        1.00 GB reserved,     256.00 KB ( <1%) committed,  1 nodes.
             Both:        1.06 GB reserved,       2.12 MB ( <1%) committed. 

Chunk freelists:
   Non-Class:  3.28 MB
       Class:  3.66 MB
        Both:  6.94 MB

MaxMetaspaceSize: unlimited
CompressedClassSpaceSize: 1.00 GB
Initial GC threshold: 21.00 MB
Current GC threshold: 21.00 MB
CDS: on
MetaspaceReclaimPolicy: balanced
 - commit_granule_bytes: 65536.
 - commit_granule_words: 8192.
 - virtual_space_node_default_size: 8388608.
 - enlarge_chunks_in_place: 1.
 - new_chunks_are_fully_committed: 0.
 - uncommit_free_chunks: 1.
 - use_allocation_guard: 0.


Internal statistics:

num_allocs_failed_limit: 0.
num_arena_births: 60.
num_arena_deaths: 0.
num_vsnodes_births: 2.
num_vsnodes_deaths: 0.
num_space_committed: 34.
num_space_uncommitted: 0.
num_chunks_returned_to_freelist: 0.
num_chunks_taken_from_freelist: 106.
num_chunk_merges: 0.
num_chunk_splits: 65.
num_chunks_enlarged: 43.
num_inconsistent_stats: 0.

CodeHeap 'non-profiled nmethods': size=118848Kb used=146Kb max_used=146Kb free=118701Kb
 bounds [0x000001c8bc5f0000, 0x000001c8bc860000, 0x000001c8c3a00000]
CodeHeap 'profiled nmethods': size=118848Kb used=743Kb max_used=743Kb free=118105Kb
 bounds [0x000001c8b4a00000, 0x000001c8b4c70000, 0x000001c8bbe10000]
CodeHeap 'non-nmethods': size=8064Kb used=3704Kb max_used=3717Kb free=4359Kb
 bounds [0x000001c8bbe10000, 0x000001c8bc1c0000, 0x000001c8bc5f0000]
 total_blobs=948 nmethods=510 adapters=345
 compilation: enabled
              stopped_count=0, restarted_count=0
 full_count=0

Compilation events (20 events):
Event: 0.217 Thread 0x000001c914b69650  501       4       java.util.zip.ZipFile::ensureOpen (40 bytes)
Event: 0.218 Thread 0x000001c914b69650 nmethod 501 0x000001c8bc614790 code [0x000001c8bc614900, 0x000001c8bc6149d0]
Event: 0.219 Thread 0x000001c914ae0ef0  502       3       jdk.internal.loader.BuiltinClassLoader::moduleReaderFor (45 bytes)
Event: 0.219 Thread 0x000001c8cff2dc00  503       3       jdk.internal.module.SystemModuleFinders$SystemModuleReader::find (59 bytes)
Event: 0.219 Thread 0x000001c8cff2e590  504       3       jdk.internal.module.SystemModuleFinders$SystemModuleReader::containsImageLocation (42 bytes)
Event: 0.219 Thread 0x000001c8cff0f630  505       3       jdk.internal.module.SystemModuleFinders$SystemImage::reader (4 bytes)
Event: 0.219 Thread 0x000001c914900c00  506       3       jdk.internal.jimage.ImageReader::verifyLocation (14 bytes)
Event: 0.219 Thread 0x000001c914ae0ef0 nmethod 502 0x000001c8b4ab5090 code [0x000001c8b4ab5260, 0x000001c8b4ab5908]
Event: 0.219 Thread 0x000001c914ae0ef0  507       3       jdk.internal.jimage.ImageReader::requireOpen (18 bytes)
Event: 0.219 Thread 0x000001c8cff0f630 nmethod 505 0x000001c8b4ab5b10 code [0x000001c8b4ab5ca0, 0x000001c8b4ab5d98]
Event: 0.219 Thread 0x000001c8cff0f630  508       3       jdk.internal.jimage.BasicImageReader::verifyLocation (39 bytes)
Event: 0.219 Thread 0x000001c914ae0ef0 nmethod 507 0x000001c8b4ab5e10 code [0x000001c8b4ab5fc0, 0x000001c8b4ab61f8]
Event: 0.219 Thread 0x000001c914ae0ef0  509       3       jdk.internal.jimage.BasicImageReader::getLocationIndex (52 bytes)
Event: 0.219 Thread 0x000001c8cff2e590 nmethod 504 0x000001c8b4ab6310 code [0x000001c8b4ab6540, 0x000001c8b4ab6c38]
Event: 0.219 Thread 0x000001c8cff2dc00 nmethod 503 0x000001c8b4ab6f10 code [0x000001c8b4ab71a0, 0x000001c8b4ab7d40]
Event: 0.219 Thread 0x000001c8cff2dc00  510       3       jdk.internal.jimage.ImageStringsReader::hashCode (8 bytes)
Event: 0.219 Thread 0x000001c8cff2dc00 nmethod 510 0x000001c8b4ab8210 code [0x000001c8b4ab83c0, 0x000001c8b4ab8578]
Event: 0.219 Thread 0x000001c8cff0f630 nmethod 508 0x000001c8b4ab8690 code [0x000001c8b4ab8840, 0x000001c8b4ab8b28]
Event: 0.219 Thread 0x000001c914900c00 nmethod 506 0x000001c8b4ab8c90 code [0x000001c8b4ab8e40, 0x000001c8b4ab91b0]
Event: 0.219 Thread 0x000001c914ae0ef0 nmethod 509 0x000001c8b4ab9310 code [0x000001c8b4ab9500, 0x000001c8b4ab99a0]

GC Heap History (0 events):
No events

Dll operation events (8 events):
Event: 0.004 Loaded shared library C:\Users\mrxst\.jdks\openjdk-20.0.2\bin\java.dll
Event: 0.015 Loaded shared library C:\Users\mrxst\.jdks\openjdk-20.0.2\bin\jsvml.dll
Event: 0.140 Loaded shared library C:\Users\mrxst\.jdks\openjdk-20.0.2\bin\net.dll
Event: 0.141 Loaded shared library C:\Users\mrxst\.jdks\openjdk-20.0.2\bin\nio.dll
Event: 0.143 Loaded shared library C:\Users\mrxst\.jdks\openjdk-20.0.2\bin\zip.dll
Event: 0.164 Loaded shared library C:\Users\mrxst\.jdks\openjdk-20.0.2\bin\jimage.dll
Event: 0.168 Loaded shared library C:\Users\mrxst\AppData\Local\Temp\libgdxmrxst\e1cd32f8\gdx64.dll
Event: 0.201 Loaded shared library C:\Users\mrxst\AppData\Local\Temp\lwjglmrxst\3.3.1-build-7\lwjgl.dll

Deoptimization events (20 events):
Event: 0.038 Thread 0x000001c8ac9494a0 Uncommon trap: trap_request=0xffffff45 fr.pc=0x000001c8bc5f0f48 relative=0x00000000000000c8
Event: 0.038 Thread 0x000001c8ac9494a0 Uncommon trap: reason=unstable_if action=reinterpret pc=0x000001c8bc5f0f48 method=java.lang.String.isLatin1()Z @ 10 c2
Event: 0.038 Thread 0x000001c8ac9494a0 DEOPT PACKING pc=0x000001c8bc5f0f48 sp=0x00000014edbfe180
Event: 0.038 Thread 0x000001c8ac9494a0 DEOPT UNPACKING pc=0x000001c8bbe79d22 sp=0x00000014edbfe0d0 mode 2
Event: 0.151 Thread 0x000001c8ac9494a0 DEOPT PACKING pc=0x000001c8b4a1ee3a sp=0x00000014edbfa050
Event: 0.151 Thread 0x000001c8ac9494a0 DEOPT UNPACKING pc=0x000001c8bbe7a4c2 sp=0x00000014edbf9510 mode 0
Event: 0.157 Thread 0x000001c8ac9494a0 DEOPT PACKING pc=0x000001c8b4a1bdda sp=0x00000014edbf8560
Event: 0.157 Thread 0x000001c8ac9494a0 DEOPT UNPACKING pc=0x000001c8bbe7a4c2 sp=0x00000014edbf7980 mode 0
Event: 0.159 Thread 0x000001c8ac9494a0 DEOPT PACKING pc=0x000001c8b4a06ac5 sp=0x00000014edbf8510
Event: 0.159 Thread 0x000001c8ac9494a0 DEOPT UNPACKING pc=0x000001c8bbe7a4c2 sp=0x00000014edbf7988 mode 0
Event: 0.160 Thread 0x000001c8ac9494a0 DEOPT PACKING pc=0x000001c8b4a06ac5 sp=0x00000014edbf8510
Event: 0.160 Thread 0x000001c8ac9494a0 DEOPT UNPACKING pc=0x000001c8bbe7a4c2 sp=0x00000014edbf7988 mode 0
Event: 0.166 Thread 0x000001c8ac9494a0 Uncommon trap: trap_request=0xffffff45 fr.pc=0x000001c8bc5f93f4 relative=0x0000000000000074
Event: 0.166 Thread 0x000001c8ac9494a0 Uncommon trap: reason=unstable_if action=reinterpret pc=0x000001c8bc5f93f4 method=java.io.WinNTFileSystem.isSlash(C)Z @ 9 c2
Event: 0.166 Thread 0x000001c8ac9494a0 DEOPT PACKING pc=0x000001c8bc5f93f4 sp=0x00000014edbfe9b0
Event: 0.166 Thread 0x000001c8ac9494a0 DEOPT UNPACKING pc=0x000001c8bbe79d22 sp=0x00000014edbfe948 mode 2
Event: 0.200 Thread 0x000001c8ac9494a0 Uncommon trap: trap_request=0xffffff45 fr.pc=0x000001c8bc5fd950 relative=0x0000000000000050
Event: 0.200 Thread 0x000001c8ac9494a0 Uncommon trap: reason=unstable_if action=reinterpret pc=0x000001c8bc5fd950 method=sun.nio.fs.WindowsPathParser.isSlash(C)Z @ 9 c2
Event: 0.200 Thread 0x000001c8ac9494a0 DEOPT PACKING pc=0x000001c8bc5fd950 sp=0x00000014edbfb970
Event: 0.200 Thread 0x000001c8ac9494a0 DEOPT UNPACKING pc=0x000001c8bbe79d22 sp=0x00000014edbfb908 mode 2

Classes loaded (20 events):
Event: 0.203 Loading class java/nio/DirectCharBufferU
Event: 0.204 Loading class java/nio/DirectCharBufferU done
Event: 0.204 Loading class java/nio/DirectFloatBufferU
Event: 0.204 Loading class java/nio/DirectFloatBufferU done
Event: 0.204 Loading class java/nio/DirectDoubleBufferU
Event: 0.204 Loading class java/nio/DirectDoubleBufferU done
Event: 0.204 Loading class sun/misc/Unsafe
Event: 0.204 Loading class sun/misc/Unsafe done
Event: 0.204 Loading class java/lang/invoke/DirectMethodHandle$StaticAccessor
Event: 0.204 Loading class java/lang/invoke/DirectMethodHandle$StaticAccessor done
Event: 0.206 Loading class java/util/function/LongPredicate
Event: 0.206 Loading class java/util/function/LongPredicate done
Event: 0.206 Loading class java/lang/foreign/MemorySegment
Event: 0.207 Loading class java/lang/foreign/MemorySegment done
Event: 0.209 Loading class java/nio/InvalidMarkException
Event: 0.209 Loading class java/nio/InvalidMarkException done
Event: 0.209 Loading class java/nio/BufferUnderflowException
Event: 0.209 Loading class java/nio/BufferUnderflowException done
Event: 0.217 Loading class java/lang/NoSuchFieldError
Event: 0.217 Loading class java/lang/NoSuchFieldError done

Classes unloaded (0 events):
No events

Classes redefined (0 events):
No events

Internal exceptions (17 events):
Event: 0.184 Thread 0x000001c8ac9494a0 Exception <a 'java/lang/NoSuchMethodError'{0x0000000623692330}: 'void java.lang.invoke.DirectMethodHandle$Holder.invokeStatic(java.lang.Object, java.lang.Object)'> (0x0000000623692330) 
thrown [s\open\src\hotspot\share\interpreter\linkResolver.cpp, line 773]
Event: 0.184 Thread 0x000001c8ac9494a0 Exception <a 'java/lang/NoSuchMethodError'{0x00000006236978a0}: 'void java.lang.System.load(java.lang.String, java.lang.Class)'> (0x00000006236978a0) 
thrown [s\open\src\hotspot\share\interpreter\linkResolver.cpp, line 773]
Event: 0.184 Thread 0x000001c8ac9494a0 Exception <a 'java/lang/NoSuchMethodError'{0x0000000623698490}: 'void java.lang.invoke.DirectMethodHandle$Holder.invokeSpecial(java.lang.Object, java.lang.Object, java.lang.Object)'> (0x0000000623698490) 
thrown [s\open\src\hotspot\share\interpreter\linkResolver.cpp, line 773]
Event: 0.185 Thread 0x000001c8ac9494a0 Exception <a 'java/lang/NoSuchMethodError'{0x00000006236aa950}: 'java.lang.Object java.lang.invoke.DirectMethodHandle$Holder.invokeStatic(java.lang.Object, java.lang.Object, int)'> (0x00000006236aa950) 
thrown [s\open\src\hotspot\share\interpreter\linkResolver.cpp, line 773]
Event: 0.186 Thread 0x000001c8ac9494a0 Exception <a 'java/lang/NoSuchMethodError'{0x00000006236b5e50}: 'void java.lang.invoke.DelegatingMethodHandle$Holder.delegate(java.lang.Object, java.lang.Object, int, java.lang.Object)'> (0x00000006236b5e50) 
thrown [s\open\src\hotspot\share\interpreter\linkResolver.cpp, line 773]
Event: 0.186 Thread 0x000001c8ac9494a0 Exception <a 'java/lang/NoSuchMethodError'{0x00000006236b9d38}: 'int java.lang.invoke.DirectMethodHandle$Holder.invokeSpecial(java.lang.Object, java.lang.Object, java.lang.Object)'> (0x00000006236b9d38) 
thrown [s\open\src\hotspot\share\interpreter\linkResolver.cpp, line 773]
Event: 0.188 Thread 0x000001c8ac9494a0 Exception <a 'java/lang/NoSuchMethodError'{0x00000006236d4748}: 'void java.lang.System.loadLibrary(java.lang.String, java.lang.Class)'> (0x00000006236d4748) 
thrown [s\open\src\hotspot\share\interpreter\linkResolver.cpp, line 773]
Event: 0.200 Thread 0x000001c8ac9494a0 Exception <a 'sun/nio/fs/WindowsException'{0x00000006237aa3d8}> (0x00000006237aa3d8) 
thrown [s\open\src\hotspot\share\prims\jni.cpp, line 519]
Event: 0.200 Thread 0x000001c8ac9494a0 Exception <a 'sun/nio/fs/WindowsException'{0x00000006237aa908}> (0x00000006237aa908) 
thrown [s\open\src\hotspot\share\prims\jni.cpp, line 519]
Event: 0.206 Thread 0x000001c8ac9494a0 Exception <a 'java/lang/NoSuchMethodError'{0x00000006237f4e78}: 'int java.lang.invoke.DirectMethodHandle$Holder.invokeStaticInit(java.lang.Object, java.lang.Object, int, long)'> (0x00000006237f4e78) 
thrown [s\open\src\hotspot\share\interpreter\linkResolver.cpp, line 773]
Event: 0.206 Thread 0x000001c8ac9494a0 Exception <a 'java/lang/NoSuchMethodError'{0x00000006237fa478}: 'java.lang.Object java.lang.invoke.DirectMethodHandle$Holder.newInvokeSpecial(java.lang.Object, java.lang.Object, int)'> (0x00000006237fa478) 
thrown [s\open\src\hotspot\share\interpreter\linkResolver.cpp, line 773]
Event: 0.207 Thread 0x000001c8ac9494a0 Exception <a 'java/lang/NoSuchMethodError'{0x000000062300aed8}: 'int java.lang.invoke.DirectMethodHandle$Holder.invokeStaticInit(java.lang.Object, java.lang.Object, long, long)'> (0x000000062300aed8) 
thrown [s\open\src\hotspot\share\interpreter\linkResolver.cpp, line 773]
Event: 0.208 Thread 0x000001c8ac9494a0 Exception <a 'java/lang/NoSuchMethodError'{0x0000000623010d20}: 'java.lang.Object java.lang.invoke.DirectMethodHandle$Holder.newInvokeSpecial(java.lang.Object, java.lang.Object, long)'> (0x0000000623010d20) 
thrown [s\open\src\hotspot\share\interpreter\linkResolver.cpp, line 773]
Event: 0.208 Thread 0x000001c8ac9494a0 Exception <a 'java/lang/NoSuchMethodError'{0x0000000623014ad8}: 'java.lang.Object java.lang.invoke.Invokers$Holder.linkToTargetMethod(java.lang.Object, long, java.lang.Object)'> (0x0000000623014ad8) 
thrown [s\open\src\hotspot\share\interpreter\linkResolver.cpp, line 773]
Event: 0.208 Thread 0x000001c8ac9494a0 Exception <a 'java/lang/NoSuchMethodError'{0x000000062301bb48}: 'int java.lang.invoke.DirectMethodHandle$Holder.invokeStaticInit(java.lang.Object, java.lang.Object, java.lang.Object, long)'> (0x000000062301bb48) 
thrown [s\open\src\hotspot\share\interpreter\linkResolver.cpp, line 773]
Event: 0.217 Thread 0x000001c8ac9494a0 Exception <a 'sun/nio/fs/WindowsException'{0x000000062309af48}> (0x000000062309af48) 
thrown [s\open\src\hotspot\share\prims\jni.cpp, line 519]
Event: 0.217 Thread 0x000001c8ac9494a0 Exception <a 'sun/nio/fs/WindowsException'{0x000000062309b2d8}> (0x000000062309b2d8) 
thrown [s\open\src\hotspot\share\prims\jni.cpp, line 519]

VM Operations (4 events):
Event: 0.144 Executing VM operation: HandshakeAllThreads
Event: 0.144 Executing VM operation: HandshakeAllThreads done
Event: 0.185 Executing VM operation: HandshakeAllThreads
Event: 0.185 Executing VM operation: HandshakeAllThreads done

Events (19 events):
Event: 0.015 Thread 0x000001c8ac9494a0 Thread added: 0x000001c8ac9494a0
Event: 0.019 Thread 0x000001c8cff05fb0 Thread added: 0x000001c8cff05fb0
Event: 0.020 Thread 0x000001c8cff06db0 Thread added: 0x000001c8cff06db0
Event: 0.020 Thread 0x000001c8cff08bc0 Thread added: 0x000001c8cff08bc0
Event: 0.020 Thread 0x000001c8cff0ad40 Thread added: 0x000001c8cff0ad40
Event: 0.020 Thread 0x000001c8cff0b390 Thread added: 0x000001c8cff0b390
Event: 0.020 Thread 0x000001c8cff0dce0 Thread added: 0x000001c8cff0dce0
Event: 0.020 Thread 0x000001c8cff0ecb0 Thread added: 0x000001c8cff0ecb0
Event: 0.020 Thread 0x000001c8cff0f630 Thread added: 0x000001c8cff0f630
Event: 0.021 Thread 0x000001c914900c00 Thread added: 0x000001c914900c00
Event: 0.022 Thread 0x000001c8cff2dc00 Thread added: 0x000001c8cff2dc00
Event: 0.022 Thread 0x000001c8cff2e590 Thread added: 0x000001c8cff2e590
Event: 0.037 Thread 0x000001c914ae0ef0 Thread added: 0x000001c914ae0ef0
Event: 0.040 Thread 0x000001c914aedda0 Thread added: 0x000001c914aedda0
Event: 0.041 Thread 0x000001c914b041c0 Thread added: 0x000001c914b041c0
Event: 0.041 Thread 0x000001c914b04720 Thread added: 0x000001c914b04720
Event: 0.134 Thread 0x000001c914b14d40 Thread added: 0x000001c914b14d40
Event: 0.136 Thread 0x000001c914b23180 Thread added: 0x000001c914b23180
Event: 0.157 Thread 0x000001c914b69650 Thread added: 0x000001c914b69650


Dynamic libraries:
0x00007ff6f4e40000 - 0x00007ff6f4e4e000 	C:\Users\mrxst\.jdks\openjdk-20.0.2\bin\java.exe
0x00007ffe06750000 - 0x00007ffe06967000 	C:\Windows\SYSTEM32\ntdll.dll
0x00007ffe061f0000 - 0x00007ffe062b4000 	C:\Windows\System32\KERNEL32.DLL
0x00007ffe03a80000 - 0x00007ffe03e2c000 	C:\Windows\System32\KERNELBASE.dll
0x00007ffe03e30000 - 0x00007ffe03f41000 	C:\Windows\System32\ucrtbase.dll
0x00007ffded2c0000 - 0x00007ffded2d7000 	C:\Users\mrxst\.jdks\openjdk-20.0.2\bin\jli.dll
0x00007ffdec100000 - 0x00007ffdec11b000 	C:\Users\mrxst\.jdks\openjdk-20.0.2\bin\VCRUNTIME140.dll
0x00007ffe062e0000 - 0x00007ffe0648e000 	C:\Windows\System32\USER32.dll
0x00007ffe04310000 - 0x00007ffe04336000 	C:\Windows\System32\win32u.dll
0x00007ffdf2b10000 - 0x00007ffdf2da3000 	C:\Windows\WinSxS\amd64_microsoft.windows.common-controls_6595b64144ccf1df_6.0.22621.3672_none_2713b9d173822955\COMCTL32.dll
0x00007ffe04e70000 - 0x00007ffe04e99000 	C:\Windows\System32\GDI32.dll
0x00007ffe048f0000 - 0x00007ffe04997000 	C:\Windows\System32\msvcrt.dll
0x00007ffe04370000 - 0x00007ffe04489000 	C:\Windows\System32\gdi32full.dll
0x00007ffe03fc0000 - 0x00007ffe0405a000 	C:\Windows\System32\msvcp_win.dll
0x00007ffe05d20000 - 0x00007ffe05d51000 	C:\Windows\System32\IMM32.DLL
0x00007ffded2b0000 - 0x00007ffded2bc000 	C:\Users\mrxst\.jdks\openjdk-20.0.2\bin\vcruntime140_1.dll
0x00007ffdb96a0000 - 0x00007ffdb972e000 	C:\Users\mrxst\.jdks\openjdk-20.0.2\bin\msvcp140.dll
0x00007ffd794c0000 - 0x00007ffd7a158000 	C:\Users\mrxst\.jdks\openjdk-20.0.2\bin\server\jvm.dll
0x00007ffe04830000 - 0x00007ffe048e2000 	C:\Windows\System32\ADVAPI32.dll
0x00007ffe06540000 - 0x00007ffe065ea000 	C:\Windows\System32\sechost.dll
0x00007ffe04340000 - 0x00007ffe04368000 	C:\Windows\System32\bcrypt.dll
0x00007ffe049a0000 - 0x00007ffe04ab5000 	C:\Windows\System32\RPCRT4.dll
0x00007ffdfb1f0000 - 0x00007ffdfb224000 	C:\Windows\SYSTEM32\WINMM.dll
0x00007ffde46a0000 - 0x00007ffde46a9000 	C:\Windows\SYSTEM32\WSOCK32.dll
0x00007ffdf8a40000 - 0x00007ffdf8a4a000 	C:\Windows\SYSTEM32\VERSION.dll
0x00007ffe064c0000 - 0x00007ffe06531000 	C:\Windows\System32\WS2_32.dll
0x00007ffe02b60000 - 0x00007ffe02b78000 	C:\Windows\SYSTEM32\kernel.appcore.dll
0x00007ffdec0d0000 - 0x00007ffdec0da000 	C:\Users\mrxst\.jdks\openjdk-20.0.2\bin\jimage.dll
0x00007ffe01420000 - 0x00007ffe01652000 	C:\Windows\SYSTEM32\DBGHELP.DLL
0x00007ffe044a0000 - 0x00007ffe04828000 	C:\Windows\System32\combase.dll
0x00007ffe04ea0000 - 0x00007ffe04f77000 	C:\Windows\System32\OLEAUT32.dll
0x00007ffddc250000 - 0x00007ffddc282000 	C:\Windows\SYSTEM32\dbgcore.DLL
0x00007ffe04290000 - 0x00007ffe0430b000 	C:\Windows\System32\bcryptPrimitives.dll
0x00007ffdd17b0000 - 0x00007ffdd17ec000 	C:\Users\mrxst\.jdks\openjdk-20.0.2\bin\jdwp.dll
0x00007ffde4ec0000 - 0x00007ffde4ee6000 	C:\Users\mrxst\.jdks\openjdk-20.0.2\bin\java.dll
0x00007ffda9f60000 - 0x00007ffdaa037000 	C:\Users\mrxst\.jdks\openjdk-20.0.2\bin\jsvml.dll
0x00007ffe054c0000 - 0x00007ffe05d1c000 	C:\Windows\System32\SHELL32.dll
0x00007ffe01990000 - 0x00007ffe02287000 	C:\Windows\SYSTEM32\windows.storage.dll
0x00007ffe01850000 - 0x00007ffe0198f000 	C:\Windows\SYSTEM32\wintypes.dll
0x00007ffe05d60000 - 0x00007ffe05e54000 	C:\Windows\System32\SHCORE.dll
0x00007ffe066b0000 - 0x00007ffe0670e000 	C:\Windows\System32\shlwapi.dll
0x00007ffe039b0000 - 0x00007ffe039d1000 	C:\Windows\SYSTEM32\profapi.dll
0x00007ffdf0d80000 - 0x00007ffdf0d8c000 	C:\Users\mrxst\.jdks\openjdk-20.0.2\bin\dt_socket.dll
0x00007ffe024b0000 - 0x00007ffe024dd000 	C:\Windows\SYSTEM32\IPHLPAPI.DLL
0x00007ffe02fc0000 - 0x00007ffe03029000 	C:\Windows\system32\mswsock.dll
0x00007ffde4e50000 - 0x00007ffde4e63000 	C:\Users\mrxst\.jdks\openjdk-20.0.2\bin\net.dll
0x00007ffdfcfa0000 - 0x00007ffdfd0d6000 	C:\Windows\SYSTEM32\WINHTTP.dll
0x00007ffde4d10000 - 0x00007ffde4d26000 	C:\Users\mrxst\.jdks\openjdk-20.0.2\bin\nio.dll
0x00007ffddc520000 - 0x00007ffddc538000 	C:\Users\mrxst\.jdks\openjdk-20.0.2\bin\zip.dll
0x000000006e700000 - 0x000000006e72a000 	C:\Users\mrxst\AppData\Local\Temp\libgdxmrxst\e1cd32f8\gdx64.dll
0x00007ffdc5ff0000 - 0x00007ffdc6065000 	C:\Users\mrxst\AppData\Local\Temp\lwjglmrxst\3.3.1-build-7\lwjgl.dll
0x00007ffd8adf0000 - 0x00007ffd8b043000 	C:\Users\mrxst\AppData\Local\Temp\lwjglmrxst\3.3.1-build-7\jemalloc.dll

dbghelp: loaded successfully - version: 4.0.5 - missing functions: none
symbol engine: initialized successfully - sym options: 0x614 - pdb path: .;C:\Users\mrxst\.jdks\openjdk-20.0.2\bin;C:\Windows\SYSTEM32;C:\Windows\WinSxS\amd64_microsoft.windows.common-controls_6595b64144ccf1df_6.0.22621.3672_none_2713b9d173822955;C:\Users\mrxst\.jdks\openjdk-20.0.2\bin\server;C:\Users\mrxst\AppData\Local\Temp\libgdxmrxst\e1cd32f8;C:\Users\mrxst\AppData\Local\Temp\lwjglmrxst\3.3.1-build-7

VM Arguments:
jvm_args: -Djava.library.path=C:\Users\mrxst\IdeaProjects\abobastandart\build/natives -agentlib:jdwp=transport=dt_socket,server=n,suspend=y,address=127.0.0.1:57235 -Dfile.encoding=windows-1251 -Duser.country=RU -Duser.language=ru -Duser.variant 
java_command: com.GameLauncher
java_class_path (initial): C:\Users\mrxst\IdeaProjects\abobastandart\build\classes\java\main;C:\Users\mrxst\IdeaProjects\abobastandart\build\resources\main;C:\Users\mrxst\.gradle\caches\modules-2\files-2.1\com.badlogicgames.gdx\gdx-backend-lwjgl3\1.10.0\600c7d5b2c977daa82c4abad147087b31e0ada87\gdx-backend-lwjgl3-1.10.0.jar;C:\Users\mrxst\.gradle\caches\modules-2\files-2.1\com.badlogicgames.gdx\gdx-freetype\1.10.0\de1d0d5c1e92e8d91364256fd6b7bb279d3e9859\gdx-freetype-1.10.0.jar;C:\Users\mrxst\.gradle\caches\modules-2\files-2.1\com.badlogicgames.gdx\gdx\1.10.0\74c240f79dc4fb6b766a834249600d0a019d0489\gdx-1.10.0.jar;C:\Users\mrxst\.gradle\caches\modules-2\files-2.1\com.badlogicgames.gdx\gdx-platform\1.10.0\9a8fa793d2fd6d360afc6c9e4c1f5583da263b88\gdx-platform-1.10.0-natives-desktop.jar;C:\Users\mrxst\.gradle\caches\modules-2\files-2.1\com.badlogicgames.gdx\gdx-freetype-platform\1.10.0\6e5d28752759e69384f12e4569d2c884ff71352f\gdx-freetype-platform-1.10.0-natives-desktop.jar;C:\Users\mrxst\.gradle\caches\modules-2\files-2.1\org.lwjgl\lwjgl-glfw\3.3.1\cbac1b8d30cb4795149c1ef540f912671a8616d0\lwjgl-glfw-3.3.1.jar;C:\Users\mrxst\.gradle\caches\modules-2\files-2.1\org.lwjgl\lwjgl-glfw\3.3.1\9ec4ce1fc8c85fdef03ef4ff2aace6f5775fb280\lwjgl-glfw-3.3.1-natives-macos.jar;C:\Users\mrxst\.gradle\caches\modules-2\files-2.1\org.lwjgl\lwjgl-glfw\3.3.1\ed892f945cf7e79c8756796f32d00fa4ceaf573b\lwjgl-glfw-3.3.1-natives-windows.jar;C:\Users\mrxst\.gradle\caches\modules-2\files-2.1\org.lwjgl\lwjgl-glfw\3.3.1\b997e3391d6ce8f05487e7335d95c606043884a1\lwjgl-glfw-3.3.1-natives-windows-x86.jar;C:\Users\mrxst\.gradle\caches\modules-2\files-2.1\org.lwjgl\lwjgl-glfw\3.3.1\81716978214ecbda15050ca394b06ef61501a49e\lwjgl-glfw-3.3.1-natives-linux.jar;C:\Users\mrxst\.gradle\caches\modules-2\files-2.1\org.lwjgl\lwjgl-glfw\3.3.1\816d935933f2dd743074c4e717cc25b55720f294\lwjgl-glfw-3.3.1-natives-linux-arm32.jar;C:\Users\mrxst\.gradle\caches\modules-2\files-2.1\org.lwjgl\lwjgl-glfw\3.3.1\513eb39b866d0fe131a18d5c517087805433b029\lwjgl-glfw-3.3.1-natives-linux-arm64.jar;C:\Users\mrxst\.gradle\caches\modules-2\files-2.1\org.lwjgl\lwjgl-opengl\3.3.1\831a5533a21a5f4f81bbc51bb13e9899319b5411\lwjgl-opengl-3.3.1.jar;C:\Users\mrxst\.gradle\caches\modules-2\files-2.1\org.lwjgl\lwjgl-opengl\3.3.1\a0d12697ea019a7362eff26475b0531340e876a6\lwjgl-opengl-3.3.1-natives-macos.jar;C:\Users\mrxst\.gradle\caches\modules-2\files-2.1\org.lwjgl\lwjgl-opengl\3.3.1\c1807e9bd571402787d7e37e3029776ae2513bb8\lwjgl-opengl-3.3.1-natives-windows.jar;C:\Users\mrxst\.gradle\caches\modules-2\files-2.1\org.lwjgl\lwjgl-opengl\3.3.1\deef3eb9b178ff2ff3ce893cc72ae741c3a17974\lwjgl-opengl-3.3.1-natives-windows-x86.jar;C:\Users\mrxst\.gradle\caches\modules-2\files-2.1\org.lwjgl\lwjgl-opengl\3.3.1\ab9ab6fde3743e3550fa5d46d785ecb45b047d99\lwjgl-opengl-3.3.1-natives-linux.jar;C:\Users\mrxst\.gradle\caches\modules-2\files-2.1\org.lwjgl\lwjgl-opengl\3.3.1\e3550fa91097fd56e361b4370fa822220fef3595\lwjgl-opengl-3.3.1-natives-linux-arm32.jar;C:\Users\mrxst\.gradle\caches\modules-2\files-2.1\org.lwjgl\lwjgl-opengl\3.3.1\1c528fb258a6e63e8fceb4482d8db0f3af10a634\lwjgl-opengl-3.3.1-natives-linux-arm64.jar;C:\Users\mrxst\.gradle\caches\modules-2\files-2.1\org.lwjgl\lwjgl-openal\3.3.1\2623a6b8ae1dfcd880738656a9f0243d2e6840bd\lwjgl-openal-3.3.1.jar;C:\Users\mrxst\.gradle\caches\modules-2\files-2.1\org.lwjgl\lwjgl-openal\3.3.1\3a57b8911835fb58b5e558d0ca0d28157e263d45\lwjgl-openal-3.3.1-natives-macos.jar;C:\Users\mrxst\.gradle\caches\modules-2\files-2.1\org.lwjgl\lwjgl-openal\3.3.1\30a474d0e57193d7bc128849a3ab66bc9316fdb1\lwjgl-openal-3.3.1-natives-windows.jar;C:\Users\mrxst\.gradle\caches\modules-2\files-2.1\org.lwjgl\lwjgl-openal\3.3.1\888349f7b1be6fbae58bf8edfb9ef12def04c4e3\lwjgl-openal-3.3.1-natives-windows-x86.jar;C:\Users\mrxst\.gradle\caches\modules-2\files-2.1\org.lwjgl\lwjgl-openal\3.3.1\f906b6439f6daa66001182ea7727e3467a93681b\lwjgl-openal-3.3.1-natives-linux.jar;C:\Users\mrxst\.gradle\caches\modules-2\files-2.1\org.lwjgl\lwjgl-openal\3.3.1\ffbe35d7fa5ec9b7eca136a7c71f24d4025a510b\lwjgl-openal-3.3.1-natives-linux-arm32.jar;C:\Users\mrxst\.gradle\caches\modules-2\files-2.1\org.lwjgl\lwjgl-openal\3.3.1\cf4e303257e82981b8b2e31bba3d7f8f7b8f42b2\lwjgl-openal-3.3.1-natives-linux-arm64.jar;C:\Users\mrxst\.gradle\caches\modules-2\files-2.1\org.lwjgl\lwjgl-stb\3.3.1\b119297cf8ed01f247abe8685857f8e7fcf5980f\lwjgl-stb-3.3.1.jar;C:\Users\mrxst\.gradle\caches\modules-2\files-2.1\org.lwjgl\lwjgl-stb\3.3.1\def8879b8d38a47a4cc1d48b1f9a7b772e51258e\lwjgl-stb-3.3.1-natives-macos.jar;C:\Users\mrxst\.gradle\caches\modules-2\files-2.1\org.lwjgl\lwjgl-jemalloc\3.2.3\b6fd0932171ba3f2eaa4547beddca3a3e645342d\lwjgl-jemalloc-3.2.3.jar;C:\Users\mrxst\.gradle\caches\modules-2\files-2.1\org.lwjgl\lwjgl-jemalloc\3.2.3\3423fd0d4c7c1916c8f46b2075c4c2df02f22675\lwjgl-jemalloc-3.2.3-natives-windows.jar;C:\Users\mrxst\.gradle\caches\modules-2\files-2.1\org.lwjgl\lwjgl-jemalloc\3.2.3\a176b1ca8c29b5986782785dad3295ba4cbfc6e5\lwjgl-jemalloc-3.2.3-natives-windows-x86.jar;C:\Users\mrxst\.gradle\caches\modules-2\files-2.1\org.lwjgl\lwjgl-jemalloc\3.2.3\8d2dca364c11781de596fbcdee6782752e318cfb\lwjgl-jemalloc-3.2.3-natives-linux.jar;C:\Users\mrxst\.gradle\caches\modules-2\files-2.1\org.lwjgl\lwjgl-jemalloc\3.2.3\d7e5cecbf045b7b7863343273ffea94e0e2f6994\lwjgl-jemalloc-3.2.3-natives-linux-arm32.jar;C:\Users\mrxst\.gradle\caches\modules-2\files-2.1\org.lwjgl\lwjgl-jemalloc\3.2.3\bbc0a4672f5589e868ce3883da5a0c0b86e5b6ee\lwjgl-jemalloc-3.2.3-natives-linux-arm64.jar;C:\Users\mrxst\.gradle\caches\modules-2\files-2.1\org.lwjgl\lwjgl-jemalloc\3.2.3\d6ffcb4224d3ccd3c31bd80093f71e69a7133a6a\lwjgl-jemalloc-3.2.3-natives-macos.jar;C:\Users\mrxst\.gradle\caches\modules-2\files-2.1\org.lwjgl\lwjgl\3.3.1\ae58664f88e18a9bb2c77b063833ca7aaec484cb\lwjgl-3.3.1.jar;C:\Users\mrxst\.gradle\caches\modules-2\files-2.1\org.lwjgl\lwjgl\3.3.1\fc6bb723dec2cd031557dccb2a95f0ab80acb9db\lwjgl-3.3.1-natives-macos.jar;C:\Users\mrxst\.gradle\caches\modules-2\files-2.1\org.lwjgl\lwjgl\3.3.1\36c37f16ab611b3aa11f3bcf80b1d509b4ce6b\lwjgl-3.3.1-natives-windows.jar;C:\Users\mrxst\.gradle\caches\modules-2\files-2.1\org.lwjgl\lwjgl\3.3.1\3b14f4beae9dd39791ec9e12190a9380cd8a3ce6\lwjgl-3.3.1-natives-windows-x86.jar;C:\Users\mrxst\.gradle\caches\modules-2\files-2.1\org.lwjgl\lwjgl\3.3.1\1de885aba434f934201b99f2f1afb142036ac189\lwjgl-3.3.1-natives-linux.jar;C:\Users\mrxst\.gradle\caches\modules-2\files-2.1\org.lwjgl\lwjgl\3.3.1\41a3c1dd15d6b964eb8196dde69720a3e3e5e969\lwjgl-3.3.1-natives-linux-arm32.jar;C:\Users\mrxst\.gradle\caches\modules-2\files-2.1\org.lwjgl\lwjgl\3.3.1\b597401014acb7196c76d97e15a6288f54f1f692\lwjgl-3.3.1-natives-linux-arm64.jar;C:\Users\mrxst\.gradle\caches\modules-2\files-2.1\com.badlogicgames.jlayer\jlayer\1.0.1-gdx\7cca83cec5c1b2f011362f4d85aabd71a73b049d\jlayer-1.0.1-gdx.jar;C:\Users\mrxst\.gradle\caches\modules-2\files-2.1\org.jcraft\jorbis\0.0.17\8872d22b293e8f5d7d56ff92be966e6dc28ebdc6\jorbis-0.0.17.jar
Launcher Type: SUN_STANDARD

[Global flags]
     intx CICompilerCount                          = 15                                        {product} {ergonomic}
     uint ConcGCThreads                            = 6                                         {product} {ergonomic}
     uint G1ConcRefinementThreads                  = 23                                        {product} {ergonomic}
   size_t G1HeapRegionSize                         = 4194304                                   {product} {ergonomic}
    uintx GCDrainStackTargetSize                   = 64                                        {product} {ergonomic}
   size_t InitialHeapSize                          = 532676608                                 {product} {ergonomic}
   size_t MarkStackSize                            = 4194304                                   {product} {ergonomic}
   size_t MaxHeapSize                              = 8522825728                                {product} {ergonomic}
   size_t MaxNewSize                               = 5112856576                                {product} {ergonomic}
   size_t MinHeapDeltaBytes                        = 4194304                                   {product} {ergonomic}
   size_t MinHeapSize                              = 8388608                                   {product} {ergonomic}
    uintx NonNMethodCodeHeapSize                   = 8192380                                {pd product} {ergonomic}
    uintx NonProfiledCodeHeapSize                  = 121732930                              {pd product} {ergonomic}
    uintx ProfiledCodeHeapSize                     = 121732930                              {pd product} {ergonomic}
    uintx ReservedCodeCacheSize                    = 251658240                              {pd product} {ergonomic}
     bool SegmentedCodeCache                       = true                                      {product} {ergonomic}
   size_t SoftMaxHeapSize                          = 8522825728                             {manageable} {ergonomic}
     bool UseCompressedClassPointers               = true                           {product lp64_product} {ergonomic}
     bool UseCompressedOops                        = true                           {product lp64_product} {ergonomic}
     bool UseG1GC                                  = true                                      {product} {ergonomic}
     bool UseLargePagesIndividualAllocation        = false                                  {pd product} {ergonomic}

Logging:
Log output configuration:
 #0: stdout all=warning uptime,level,tags foldmultilines=false
 #1: stderr all=off uptime,level,tags foldmultilines=false

Environment Variables:
PATH=C:\Program Files (x86)\Common Files\Oracle\Java\javapath;C:\Windows\system32;C:\Windows;C:\Windows\System32\Wbem;C:\Windows\System32\WindowsPowerShell\v1.0\;C:\Windows\System32\OpenSSH\;C:\Program Files\NVIDIA Corporation\NVIDIA NvDLISR;C:\Program Files (x86)\NVIDIA Corporation\PhysX\Common;C:\Program Files\dotnet\;C:\Program Files\MATLAB\R2023b\bin;C:\Program Files\Git\cmd;C:\Users\mrxst\gradle-8.3\bin;C:\Users\mrxst\AppData\Local\Microsoft\WindowsApps;;C:\Users\mrxst\AppData\Local\Programs\Microsoft VS Code\bin;C:\Program Files\JetBrains\PyCharm Community Edition 2023.2.6\bin;
USERNAME=mrxst
OS=Windows_NT
PROCESSOR_IDENTIFIER=Intel64 Family 6 Model 183 Stepping 1, GenuineIntel
TMP=C:\Users\mrxst\AppData\Local\Temp
TEMP=C:\Users\mrxst\AppData\Local\Temp




---------------  S Y S T E M  ---------------

OS:
 Windows 11 , 64 bit Build 22621 (10.0.22621.3672)
OS uptime: 5 days 20:46 hours
Hyper-V role detected

CPU: total 32 (initial active 32) (16 cores per cpu, 2 threads per core) family 6 model 183 stepping 1 microcode 0x114, cx8, cmov, fxsr, ht, mmx, 3dnowpref, sse, sse2, sse3, ssse3, sse4.1, sse4.2, popcnt, lzcnt, tsc, tscinvbit, avx, avx2, aes, erms, clmul, bmi1, bmi2, adx, sha, fma, vzeroupper, clflush, clflushopt, clwb, hv, serialize, rdtscp, rdpid, fsrm, f16c, cet_ibt, cet_ss

Memory: 4k page, system-wide physical 32505M (18191M free)
TotalPageFile size 65273M (AvailPageFile size 45774M)
current process WorkingSet (physical memory assigned to process): 49M, peak: 49M
current process commit charge ("private bytes"): 639M, peak: 639M

vm_info: OpenJDK 64-Bit Server VM (20.0.2+9-78) for windows-amd64 JRE (20.0.2+9-78), built on 2023-06-14T10:08:48Z by "mach5one" with MS VC++ 17.1 (VS2022)

END.
